#-----------------------------------------------------------
# Vivado v2017.4 (64-bit)
# SW Build 2086221 on Fri Dec 15 20:55:39 MST 2017
# IP Build 2085800 on Fri Dec 15 22:25:07 MST 2017
# Start of session at: Tue Jan  1 13:03:14 2019
# Process ID: 14468
# Current directory: E:/VivadoProject/AD9361_TX_MSK
# Command line: vivado.exe -gui_launcher_event rodinguilauncherevent9664 E:\VivadoProject\AD9361_TX_MSK\AD9361_TX_MSK.xpr
# Log file: E:/VivadoProject/AD9361_TX_MSK/vivado.log
# Journal file: E:/VivadoProject/AD9361_TX_MSK\vivado.jou
#-----------------------------------------------------------
start_gui
open_project E:/VivadoProject/AD9361_TX_MSK/AD9361_TX_MSK.xpr
update_compile_order -fileset sources_1
reset_run impl_1 -prev_step 
launch_runs impl_1 -to_step write_bitstream -jobs 4
wait_on_run impl_1
open_hw
connect_hw_server
open_hw_target
set_property PROGRAM.FILE {E:/VivadoProject/AD9361_TX_MSK/AD9361_TX_MSK.runs/impl_1/ad9361_tx_top.bit} [get_hw_devices xc7k325t_0]
set_property PROBES.FILE {E:/VivadoProject/AD9361_TX_MSK/AD9361_TX_MSK.runs/impl_1/ad9361_tx_top.ltx} [get_hw_devices xc7k325t_0]
set_property FULL_PROBES.FILE {E:/VivadoProject/AD9361_TX_MSK/AD9361_TX_MSK.runs/impl_1/ad9361_tx_top.ltx} [get_hw_devices xc7k325t_0]
current_hw_device [get_hw_devices xc7k325t_0]
refresh_hw_device [lindex [get_hw_devices xc7k325t_0] 0]
create_hw_cfgmem -hw_device [lindex [get_hw_devices] 0] -mem_dev [lindex [get_cfgmem_parts {mt25ql128-spi-x1_x2_x4}] 0]
set_property PROBES.FILE {E:/VivadoProject/AD9361_TX_MSK/AD9361_TX_MSK.runs/impl_1/ad9361_tx_top.ltx} [get_hw_devices xc7k325t_0]
set_property FULL_PROBES.FILE {E:/VivadoProject/AD9361_TX_MSK/AD9361_TX_MSK.runs/impl_1/ad9361_tx_top.ltx} [get_hw_devices xc7k325t_0]
set_property PROGRAM.FILE {E:/VivadoProject/AD9361_TX_MSK/AD9361_TX_MSK.runs/impl_1/ad9361_tx_top.bit} [get_hw_devices xc7k325t_0]
program_hw_devices [get_hw_devices xc7k325t_0]
refresh_hw_device [lindex [get_hw_devices xc7k325t_0] 0]
display_hw_ila_data [ get_hw_ila_data hw_ila_data_1 -of_objects [get_hw_ilas -of_objects [get_hw_devices xc7k325t_0] -filter {CELL_NAME=~"u_ila_0"}]]
