Copyright 1986-2017 Xilinx, Inc. All Rights Reserved.
-------------------------------------------------------------------------------------------------------------------------------------------------------------
| Tool Version     : Vivado v.2017.1 (win64) Build 1846317 Fri Apr 14 18:55:03 MDT 2017
| Date             : Fri Jul 20 13:11:30 2018
| Host             : Anish-PC running 64-bit Service Pack 1  (build 7601)
| Command          : report_power -file ad9361_tx_top_power_routed.rpt -pb ad9361_tx_top_power_summary_routed.pb -rpx ad9361_tx_top_power_routed.rpx
| Design           : ad9361_tx_top
| Device           : xc7k325tffg900-2
| Design State     : routed
| Grade            : commercial
| Process          : typical
| Characterization : Production
-------------------------------------------------------------------------------------------------------------------------------------------------------------

Power Report

Table of Contents
-----------------
1. Summary
1.1 On-Chip Components
1.2 Power Supply Summary
1.3 Confidence Level
2. Settings
2.1 Environment
2.2 Clock Constraints
3. Detailed Reports
3.1 By Hierarchy

1. Summary
----------

+--------------------------+-------+
| Total On-Chip Power (W)  | 0.337 |
| Dynamic (W)              | 0.173 |
| Device Static (W)        | 0.164 |
| Effective TJA (C/W)      | 1.8   |
| Max Ambient (C)          | 84.4  |
| Junction Temperature (C) | 25.6  |
| Confidence Level         | Low   |
| Setting File             | ---   |
| Simulation Activity File | ---   |
| Design Nets Matched      | NA    |
+--------------------------+-------+


1.1 On-Chip Components
----------------------

+--------------------------+-----------+----------+-----------+-----------------+
| On-Chip                  | Power (W) | Used     | Available | Utilization (%) |
+--------------------------+-----------+----------+-----------+-----------------+
| Clocks                   |     0.004 |        6 |       --- |             --- |
| Slice Logic              |     0.002 |     4778 |       --- |             --- |
|   LUT as Logic           |     0.001 |     1779 |    203800 |            0.87 |
|   LUT as Shift Register  |    <0.001 |      102 |     64000 |            0.16 |
|   Register               |    <0.001 |     2070 |    407600 |            0.51 |
|   CARRY4                 |    <0.001 |       46 |     50950 |            0.09 |
|   BUFG                   |    <0.001 |        1 |        32 |            3.13 |
|   LUT as Distributed RAM |    <0.001 |       24 |     64000 |            0.04 |
|   F7/F8 Muxes            |    <0.001 |      213 |    203800 |            0.10 |
|   Others                 |     0.000 |      244 |       --- |             --- |
| Signals                  |     0.005 |     3461 |       --- |             --- |
| Block RAM                |    <0.001 |      7.5 |       445 |            1.69 |
| MMCM                     |     0.113 |        1 |        10 |           10.00 |
| I/O                      |     0.049 |       41 |       500 |            8.20 |
| Static Power             |     0.164 |          |           |                 |
| Total                    |     0.337 |          |           |                 |
+--------------------------+-----------+----------+-----------+-----------------+


1.2 Power Supply Summary
------------------------

+-----------+-------------+-----------+-------------+------------+
| Source    | Voltage (V) | Total (A) | Dynamic (A) | Static (A) |
+-----------+-------------+-----------+-------------+------------+
| Vccint    |       1.000 |     0.082 |       0.013 |      0.069 |
| Vccaux    |       1.800 |     0.094 |       0.066 |      0.028 |
| Vcco33    |       3.300 |     0.000 |       0.000 |      0.000 |
| Vcco25    |       2.500 |     0.017 |       0.016 |      0.001 |
| Vcco18    |       1.800 |     0.002 |       0.001 |      0.001 |
| Vcco15    |       1.500 |     0.001 |       0.000 |      0.001 |
| Vcco135   |       1.350 |     0.000 |       0.000 |      0.000 |
| Vcco12    |       1.200 |     0.000 |       0.000 |      0.000 |
| Vccaux_io |       1.800 |     0.000 |       0.000 |      0.000 |
| Vccbram   |       1.000 |     0.002 |       0.000 |      0.002 |
| MGTAVcc   |       1.000 |     0.000 |       0.000 |      0.000 |
| MGTAVtt   |       1.200 |     0.000 |       0.000 |      0.000 |
| MGTVccaux |       1.800 |     0.000 |       0.000 |      0.000 |
| Vccadc    |       1.800 |     0.020 |       0.000 |      0.020 |
+-----------+-------------+-----------+-------------+------------+


1.3 Confidence Level
--------------------

+-----------------------------+------------+-------------------------------------------------------+--------------------------------------------------------------------------------------------------------------------+
| User Input Data             | Confidence | Details                                               | Action                                                                                                             |
+-----------------------------+------------+-------------------------------------------------------+--------------------------------------------------------------------------------------------------------------------+
| Design implementation state | High       | Design is routed                                      |                                                                                                                    |
| Clock nodes activity        | Low        | User specified less than 75% of clocks                | Provide missing clock activity with a constraint file, simulation results or by editing the "By Clock Domain" view |
| I/O nodes activity          | Medium     | More than 5% of inputs are missing user specification | Provide missing input activity with simulation results or by editing the "By Resource Type -> I/Os" view           |
| Internal nodes activity     | Medium     | User specified less than 25% of internal nodes        | Provide missing internal nodes activity with simulation results or by editing the "By Resource Type" views         |
| Device models               | High       | Device models are Production                          |                                                                                                                    |
|                             |            |                                                       |                                                                                                                    |
| Overall confidence level    | Low        |                                                       |                                                                                                                    |
+-----------------------------+------------+-------------------------------------------------------+--------------------------------------------------------------------------------------------------------------------+


2. Settings
-----------

2.1 Environment
---------------

+-----------------------+--------------------------+
| Ambient Temp (C)      | 25.0                     |
| ThetaJA (C/W)         | 1.8                      |
| Airflow (LFM)         | 250                      |
| Heat Sink             | medium (Medium Profile)  |
| ThetaSA (C/W)         | 3.3                      |
| Board Selection       | medium (10"x10")         |
| # of Board Layers     | 12to15 (12 to 15 Layers) |
| Board Temperature (C) | 25.0                     |
+-----------------------+--------------------------+


2.2 Clock Constraints
---------------------

+--------------------------------------------------------------------------------------------+----------------------------------------------------------------------+-----------------+
| Clock                                                                                      | Domain                                                               | Constraint (ns) |
+--------------------------------------------------------------------------------------------+----------------------------------------------------------------------+-----------------+
| clk_out1_clk_wiz_0                                                                         | clk_wiz_i0/inst/clk_out1_clk_wiz_0                                   |            50.0 |
| clkfbout_clk_wiz_0                                                                         | clk_wiz_i0/inst/clkfbout_clk_wiz_0                                   |             5.0 |
| dbg_hub/inst/BSCANID.u_xsdbm_id/SWITCH_N_EXT_BSCAN.bscan_inst/SERIES7_BSCAN.bscan_inst/TCK | dbg_hub/inst/BSCANID.u_xsdbm_id/SWITCH_N_EXT_BSCAN.bscan_inst/tck_bs |            33.0 |
| sys_clk_p_200M                                                                             | sys_clk_p_200M                                                       |             5.0 |
+--------------------------------------------------------------------------------------------+----------------------------------------------------------------------+-----------------+


3. Detailed Reports
-------------------

3.1 By Hierarchy
----------------

+------------------------------------------------------------------------------------+-----------+
| Name                                                                               | Power (W) |
+------------------------------------------------------------------------------------+-----------+
| ad9361_tx_top                                                                      |     0.173 |
|   ad9361_unit_i0                                                                   |     0.005 |
|     ad9361_txdata_uut                                                              |     0.002 |
|     bb_iq_generator_inst                                                           |     0.002 |
|       i_path_inst                                                                  |    <0.001 |
|         U0                                                                         |    <0.001 |
|           inst_blk_mem_gen                                                         |    <0.001 |
|             gnbram.gnativebmg.native_blk_mem_gen                                   |    <0.001 |
|               valid.cstr                                                           |    <0.001 |
|                 has_mux_a.A                                                        |    <0.001 |
|                 ramloop[0].ram.r                                                   |    <0.001 |
|                   prim_init.ram                                                    |    <0.001 |
|                 ramloop[1].ram.r                                                   |    <0.001 |
|                   prim_init.ram                                                    |    <0.001 |
|                 ramloop[2].ram.r                                                   |    <0.001 |
|                   prim_init.ram                                                    |    <0.001 |
|       q_path_inst                                                                  |    <0.001 |
|         U0                                                                         |    <0.001 |
|           inst_blk_mem_gen                                                         |    <0.001 |
|             gnbram.gnativebmg.native_blk_mem_gen                                   |    <0.001 |
|               valid.cstr                                                           |    <0.001 |
|                 has_mux_a.A                                                        |    <0.001 |
|                 ramloop[0].ram.r                                                   |    <0.001 |
|                   prim_init.ram                                                    |    <0.001 |
|                 ramloop[1].ram.r                                                   |    <0.001 |
|                   prim_init.ram                                                    |    <0.001 |
|                 ramloop[2].ram.r                                                   |    <0.001 |
|                   prim_init.ram                                                    |    <0.001 |
|     uut_ad9361_init                                                                |    <0.001 |
|       uut_ad9361_spi_ctrl                                                          |    <0.001 |
|         uut_ad9361_spi_drv                                                         |    <0.001 |
|   clk_wiz_i0                                                                       |     0.121 |
|     inst                                                                           |     0.121 |
|   dbg_hub                                                                          |     0.002 |
|     inst                                                                           |     0.002 |
|       BSCANID.u_xsdbm_id                                                           |     0.002 |
|         CORE_XSDB.UUT_MASTER                                                       |     0.002 |
|           U_ICON_INTERFACE                                                         |    <0.001 |
|             U_CMD1                                                                 |    <0.001 |
|             U_CMD2                                                                 |    <0.001 |
|             U_CMD3                                                                 |    <0.001 |
|             U_CMD4                                                                 |    <0.001 |
|             U_CMD5                                                                 |    <0.001 |
|             U_CMD6_RD                                                              |    <0.001 |
|               U_RD_FIFO                                                            |    <0.001 |
|                 SUBCORE_FIFO.xsdbm_v3_0_0_rdfifo_inst                              |    <0.001 |
|                   inst_fifo_gen                                                    |    <0.001 |
|                     gconvfifo.rf                                                   |    <0.001 |
|                       grf.rf                                                       |    <0.001 |
|                         gntv_or_sync_fifo.gcx.clkx                                 |    <0.001 |
|                           gnxpm_cdc.gsync_stage[1].rd_stg_inst                     |    <0.001 |
|                           gnxpm_cdc.gsync_stage[1].wr_stg_inst                     |    <0.001 |
|                           gnxpm_cdc.gsync_stage[2].rd_stg_inst                     |    <0.001 |
|                           gnxpm_cdc.gsync_stage[2].wr_stg_inst                     |    <0.001 |
|                         gntv_or_sync_fifo.gl0.rd                                   |    <0.001 |
|                           gr1.gr1_int.rfwft                                        |    <0.001 |
|                           gras.rsts                                                |    <0.001 |
|                           rpntr                                                    |    <0.001 |
|                         gntv_or_sync_fifo.gl0.wr                                   |    <0.001 |
|                           gwas.wsts                                                |    <0.001 |
|                           wpntr                                                    |    <0.001 |
|                         gntv_or_sync_fifo.mem                                      |    <0.001 |
|                           gdm.dm_gen.dm                                            |    <0.001 |
|                             RAM_reg_0_15_0_5                                       |    <0.001 |
|                             RAM_reg_0_15_12_15                                     |     0.000 |
|                             RAM_reg_0_15_6_11                                      |     0.000 |
|                         rstblk                                                     |    <0.001 |
|                           ngwrdrst.grst.g7serrst.gwrrd_rst_sync_stage[1].rrst_inst |    <0.001 |
|                           ngwrdrst.grst.g7serrst.gwrrd_rst_sync_stage[1].wrst_inst |    <0.001 |
|                           ngwrdrst.grst.g7serrst.gwrrd_rst_sync_stage[2].rrst_inst |    <0.001 |
|                           ngwrdrst.grst.g7serrst.gwrrd_rst_sync_stage[2].wrst_inst |    <0.001 |
|             U_CMD6_WR                                                              |    <0.001 |
|               U_WR_FIFO                                                            |    <0.001 |
|                 SUBCORE_FIFO.xsdbm_v3_0_0_wrfifo_inst                              |    <0.001 |
|                   inst_fifo_gen                                                    |    <0.001 |
|                     gconvfifo.rf                                                   |    <0.001 |
|                       grf.rf                                                       |    <0.001 |
|                         gntv_or_sync_fifo.gcx.clkx                                 |    <0.001 |
|                           gnxpm_cdc.gsync_stage[1].rd_stg_inst                     |     0.000 |
|                           gnxpm_cdc.gsync_stage[1].wr_stg_inst                     |    <0.001 |
|                           gnxpm_cdc.gsync_stage[2].rd_stg_inst                     |     0.000 |
|                           gnxpm_cdc.gsync_stage[2].wr_stg_inst                     |    <0.001 |
|                         gntv_or_sync_fifo.gl0.rd                                   |    <0.001 |
|                           gras.rsts                                                |    <0.001 |
|                           rpntr                                                    |    <0.001 |
|                         gntv_or_sync_fifo.gl0.wr                                   |    <0.001 |
|                           gwas.wsts                                                |    <0.001 |
|                           wpntr                                                    |    <0.001 |
|                         gntv_or_sync_fifo.mem                                      |    <0.001 |
|                           gdm.dm_gen.dm                                            |    <0.001 |
|                             RAM_reg_0_15_0_5                                       |    <0.001 |
|                             RAM_reg_0_15_12_15                                     |    <0.001 |
|                             RAM_reg_0_15_6_11                                      |    <0.001 |
|                         rstblk                                                     |    <0.001 |
|                           ngwrdrst.grst.g7serrst.gwrrd_rst_sync_stage[1].rrst_inst |    <0.001 |
|                           ngwrdrst.grst.g7serrst.gwrrd_rst_sync_stage[1].wrst_inst |    <0.001 |
|                           ngwrdrst.grst.g7serrst.gwrrd_rst_sync_stage[2].rrst_inst |    <0.001 |
|                           ngwrdrst.grst.g7serrst.gwrrd_rst_sync_stage[2].wrst_inst |    <0.001 |
|             U_CMD7_CTL                                                             |    <0.001 |
|             U_CMD7_STAT                                                            |    <0.001 |
|             U_STATIC_STATUS                                                        |    <0.001 |
|           U_XSDB_ADDRESS_CONTROLLER                                                |    <0.001 |
|           U_XSDB_BURST_WD_LEN_CONTROLLER                                           |    <0.001 |
|           U_XSDB_BUS_CONTROLLER                                                    |    <0.001 |
|             U_RD_ABORT_FLAG                                                        |    <0.001 |
|             U_RD_REQ_FLAG                                                          |    <0.001 |
|             U_TIMER                                                                |    <0.001 |
|           U_XSDB_BUS_MSTR2SL_PORT_IFACE                                            |    <0.001 |
|         CORE_XSDB.U_ICON                                                           |    <0.001 |
|           U_CMD                                                                    |    <0.001 |
|           U_STAT                                                                   |    <0.001 |
|           U_SYNC                                                                   |    <0.001 |
|         SWITCH_N_EXT_BSCAN.bscan_inst                                              |    <0.001 |
|         SWITCH_N_EXT_BSCAN.bscan_switch                                            |    <0.001 |
|   u_ila_0                                                                          |     0.002 |
|     inst                                                                           |     0.002 |
|       ila_core_inst                                                                |     0.002 |
|         ila_trace_memory_inst                                                      |    <0.001 |
|           SUBCORE_RAM_BLK_MEM_1.trace_block_memory                                 |    <0.001 |
|             inst_blk_mem_gen                                                       |    <0.001 |
|               gnbram.gnativebmg.native_blk_mem_gen                                 |    <0.001 |
|                 valid.cstr                                                         |    <0.001 |
|                   ramloop[0].ram.r                                                 |    <0.001 |
|                     prim_noinit.ram                                                |    <0.001 |
|                   ramloop[1].ram.r                                                 |    <0.001 |
|                     prim_noinit.ram                                                |    <0.001 |
|         u_ila_cap_ctrl                                                             |    <0.001 |
|           U_CDONE                                                                  |    <0.001 |
|           U_NS0                                                                    |    <0.001 |
|           U_NS1                                                                    |    <0.001 |
|           u_cap_addrgen                                                            |    <0.001 |
|             U_CMPRESET                                                             |    <0.001 |
|             u_cap_sample_counter                                                   |    <0.001 |
|               U_SCE                                                                |     0.000 |
|               U_SCMPCE                                                             |     0.000 |
|               U_SCRST                                                              |    <0.001 |
|               u_scnt_cmp                                                           |     0.000 |
|                 allx_typeA_match_detection.ltlib_v1_0_0_allx_typeA_inst            |     0.000 |
|                   DUT                                                              |     0.000 |
|                     I_WHOLE_SLICE.G_SLICE_IDX[0].U_ALL_SRL_SLICE                   |     0.000 |
|                       u_srlA                                                       |     0.000 |
|                       u_srlB                                                       |     0.000 |
|                       u_srlC                                                       |     0.000 |
|                       u_srlD                                                       |     0.000 |
|                     I_WHOLE_SLICE.G_SLICE_IDX[1].U_ALL_SRL_SLICE                   |     0.000 |
|                       u_srlA                                                       |     0.000 |
|                       u_srlB                                                       |     0.000 |
|                       u_srlC                                                       |     0.000 |
|                       u_srlD                                                       |     0.000 |
|             u_cap_window_counter                                                   |    <0.001 |
|               U_WCE                                                                |     0.000 |
|               U_WHCMPCE                                                            |     0.000 |
|               U_WLCMPCE                                                            |     0.000 |
|               u_wcnt_hcmp                                                          |     0.000 |
|                 allx_typeA_match_detection.ltlib_v1_0_0_allx_typeA_inst            |     0.000 |
|                   DUT                                                              |     0.000 |
|                     I_WHOLE_SLICE.G_SLICE_IDX[0].U_ALL_SRL_SLICE                   |     0.000 |
|                       u_srlA                                                       |     0.000 |
|                       u_srlB                                                       |     0.000 |
|                       u_srlC                                                       |     0.000 |
|                       u_srlD                                                       |     0.000 |
|                     I_WHOLE_SLICE.G_SLICE_IDX[1].U_ALL_SRL_SLICE                   |     0.000 |
|                       u_srlA                                                       |     0.000 |
|                       u_srlB                                                       |     0.000 |
|                       u_srlC                                                       |     0.000 |
|                       u_srlD                                                       |     0.000 |
|               u_wcnt_lcmp                                                          |    <0.001 |
|                 allx_typeA_match_detection.ltlib_v1_0_0_allx_typeA_inst            |    <0.001 |
|                   DUT                                                              |     0.000 |
|                     I_WHOLE_SLICE.G_SLICE_IDX[0].U_ALL_SRL_SLICE                   |     0.000 |
|                       u_srlA                                                       |     0.000 |
|                       u_srlB                                                       |     0.000 |
|                       u_srlC                                                       |     0.000 |
|                       u_srlD                                                       |     0.000 |
|                     I_WHOLE_SLICE.G_SLICE_IDX[1].U_ALL_SRL_SLICE                   |     0.000 |
|                       u_srlA                                                       |     0.000 |
|                       u_srlB                                                       |     0.000 |
|                       u_srlC                                                       |     0.000 |
|                       u_srlD                                                       |     0.000 |
|         u_ila_regs                                                                 |    <0.001 |
|           MU_SRL[0].mu_srl_reg                                                     |    <0.001 |
|           MU_SRL[1].mu_srl_reg                                                     |    <0.001 |
|           MU_SRL[2].mu_srl_reg                                                     |    <0.001 |
|           TC_SRL[0].tc_srl_reg                                                     |    <0.001 |
|           U_XSDB_SLAVE                                                             |    <0.001 |
|           reg_15                                                                   |    <0.001 |
|             I_EN_CTL_EQ1.U_CTL                                                     |    <0.001 |
|           reg_16                                                                   |    <0.001 |
|             I_EN_CTL_EQ1.U_CTL                                                     |    <0.001 |
|           reg_17                                                                   |     0.000 |
|             I_EN_CTL_EQ1.U_CTL                                                     |     0.000 |
|           reg_18                                                                   |     0.000 |
|             I_EN_CTL_EQ1.U_CTL                                                     |     0.000 |
|           reg_19                                                                   |     0.000 |
|             I_EN_CTL_EQ1.U_CTL                                                     |     0.000 |
|           reg_1a                                                                   |    <0.001 |
|             I_EN_CTL_EQ1.U_CTL                                                     |    <0.001 |
|           reg_6                                                                    |    <0.001 |
|             I_EN_CTL_EQ1.U_CTL                                                     |    <0.001 |
|           reg_7                                                                    |    <0.001 |
|             I_EN_CTL_EQ1.U_CTL                                                     |    <0.001 |
|           reg_8                                                                    |    <0.001 |
|             I_EN_STAT_EQ1.U_STAT                                                   |    <0.001 |
|           reg_80                                                                   |     0.000 |
|             I_EN_CTL_EQ1.U_CTL                                                     |     0.000 |
|           reg_81                                                                   |     0.000 |
|             I_EN_CTL_EQ1.U_CTL                                                     |     0.000 |
|           reg_82                                                                   |    <0.001 |
|             I_EN_CTL_EQ1.U_CTL                                                     |    <0.001 |
|           reg_83                                                                   |     0.000 |
|             I_EN_CTL_EQ1.U_CTL                                                     |     0.000 |
|           reg_84                                                                   |    <0.001 |
|             I_EN_CTL_EQ1.U_CTL                                                     |    <0.001 |
|           reg_85                                                                   |    <0.001 |
|             I_EN_CTL_EQ1.U_CTL                                                     |    <0.001 |
|           reg_887                                                                  |     0.000 |
|             I_EN_STAT_EQ1.U_STAT                                                   |     0.000 |
|           reg_88d                                                                  |    <0.001 |
|             I_EN_STAT_EQ1.U_STAT                                                   |    <0.001 |
|           reg_890                                                                  |     0.000 |
|             I_EN_STAT_EQ1.U_STAT                                                   |     0.000 |
|           reg_9                                                                    |    <0.001 |
|             I_EN_STAT_EQ1.U_STAT                                                   |    <0.001 |
|           reg_srl_fff                                                              |    <0.001 |
|           reg_stream_ffd                                                           |    <0.001 |
|             I_EN_CTL_EQ1.U_CTL                                                     |    <0.001 |
|           reg_stream_ffe                                                           |     0.000 |
|             I_EN_STAT_EQ1.U_STAT                                                   |     0.000 |
|         u_ila_reset_ctrl                                                           |    <0.001 |
|           arm_detection_inst                                                       |    <0.001 |
|           asyncrounous_transfer.arm_in_transfer_inst                               |    <0.001 |
|           asyncrounous_transfer.arm_out_transfer_inst                              |    <0.001 |
|           asyncrounous_transfer.halt_in_transfer_inst                              |    <0.001 |
|           asyncrounous_transfer.halt_out_transfer_inst                             |    <0.001 |
|           halt_detection_inst                                                      |    <0.001 |
|         u_trig                                                                     |    <0.001 |
|           N_DDR_TC.N_DDR_TC_INST[0].U_TC                                           |    <0.001 |
|             allx_typeA_match_detection.ltlib_v1_0_0_allx_typeA_inst                |     0.000 |
|               DUT                                                                  |     0.000 |
|                 I_WHOLE_SLICE.G_SLICE_IDX[0].U_ALL_SRL_SLICE                       |     0.000 |
|                   u_srlA                                                           |     0.000 |
|                   u_srlB                                                           |     0.000 |
|                   u_srlC                                                           |     0.000 |
|                   u_srlD                                                           |     0.000 |
|           U_TM                                                                     |    <0.001 |
|             N_DDR_MODE.G_NMU[0].U_M                                                |    <0.001 |
|               allx_typeA_match_detection.ltlib_v1_0_0_allx_typeA_inst              |    <0.001 |
|                 DUT                                                                |    <0.001 |
|                   I_WHOLE_SLICE.G_SLICE_IDX[0].U_ALL_SRL_SLICE                     |     0.000 |
|                     u_srlA                                                         |     0.000 |
|                     u_srlB                                                         |     0.000 |
|                     u_srlC                                                         |     0.000 |
|                     u_srlD                                                         |     0.000 |
|                   I_WHOLE_SLICE.G_SLICE_IDX[1].U_ALL_SRL_SLICE                     |    <0.001 |
|                     u_srlA                                                         |     0.000 |
|                     u_srlB                                                         |     0.000 |
|                     u_srlC                                                         |     0.000 |
|                     u_srlD                                                         |     0.000 |
|             N_DDR_MODE.G_NMU[1].U_M                                                |    <0.001 |
|               allx_typeA_match_detection.ltlib_v1_0_0_allx_typeA_inst              |    <0.001 |
|                 DUT                                                                |    <0.001 |
|                   I_WHOLE_SLICE.G_SLICE_IDX[0].U_ALL_SRL_SLICE                     |     0.000 |
|                     u_srlA                                                         |     0.000 |
|                     u_srlB                                                         |     0.000 |
|                     u_srlC                                                         |     0.000 |
|                     u_srlD                                                         |     0.000 |
|                   I_WHOLE_SLICE.G_SLICE_IDX[1].U_ALL_SRL_SLICE                     |    <0.001 |
|                     u_srlA                                                         |     0.000 |
|                     u_srlB                                                         |     0.000 |
|                     u_srlC                                                         |     0.000 |
|                     u_srlD                                                         |     0.000 |
|             N_DDR_MODE.G_NMU[2].U_M                                                |    <0.001 |
|               allx_typeA_match_detection.ltlib_v1_0_0_allx_typeA_inst              |    <0.001 |
|                 DUT                                                                |     0.000 |
|                   I_WHOLE_SLICE.G_SLICE_IDX[0].U_ALL_SRL_SLICE                     |     0.000 |
|                     u_srlA                                                         |     0.000 |
|                     u_srlB                                                         |     0.000 |
|                     u_srlC                                                         |     0.000 |
|                     u_srlD                                                         |     0.000 |
|                   I_WHOLE_SLICE.G_SLICE_IDX[1].U_ALL_SRL_SLICE                     |     0.000 |
|                     u_srlA                                                         |     0.000 |
|                     u_srlB                                                         |     0.000 |
|                     u_srlC                                                         |     0.000 |
|                     u_srlD                                                         |     0.000 |
|         xsdb_memory_read_inst                                                      |    <0.001 |
+------------------------------------------------------------------------------------+-----------+


